// Code generated by protoc-gen-yarpc-go
// source: encoding/protobuf/protoc-gen-yarpc-go/internal/testing/testing_no_service.proto
// DO NOT EDIT!

package testing
